
> astrox@0.0.2 build
> astro check && astro build && cargo build --release

[2m21:16:30[22m [34m[content][39m Syncing content
[2m21:16:30[22m [34m[content][39m Synced content
[2m21:16:30[22m [34m[types][39m Generated [2m398ms[22m
[2m21:16:30[22m [34m[check][39m Getting diagnostics for Astro files in C:\Users\jpfaj\OneDrive\Desktop\astrox-template...
[96msrc/components/ContactManagement.tsx[0m:[93m57[0m:[93m44[0m - [93mwarning[0m[90m ts(6385): [0m'(from: number, length?: number | undefined): string' is deprecated.

[7m57[0m             id: Math.random().toString(36).substr(2, 9),
[7m  [0m [93m                                           ~~~~~~[0m

[96msrc/components/LoginForm.tsx[0m:[93m19[0m:[93m42[0m - [93mwarning[0m[90m ts(6385): [0m'FormEvent' is deprecated.

[7m19[0m     const handleSubmit = async (e: React.FormEvent) => {
[7m  [0m [93m                                         ~~~~~~~~~[0m

[96msrc/components/ui/checkbox.tsx[0m:[93m8[0m:[93m9[0m - [93mwarning[0m[90m ts(6385): [0m'ElementRef' is deprecated.

[7m8[0m   React.ElementRef<typeof CheckboxPrimitive.Root>,
[7m [0m [93m        ~~~~~~~~~~[0m

[96msrc/components/ui/dialog.tsx[0m:[93m98[0m:[93m9[0m - [93mwarning[0m[90m ts(6385): [0m'ElementRef' is deprecated.

[7m98[0m   React.ElementRef<typeof DialogPrimitive.Description>,
[7m  [0m [93m        ~~~~~~~~~~[0m
[96msrc/components/ui/dialog.tsx[0m:[93m83[0m:[93m9[0m - [93mwarning[0m[90m ts(6385): [0m'ElementRef' is deprecated.

[7m83[0m   React.ElementRef<typeof DialogPrimitive.Title>,
[7m  [0m [93m        ~~~~~~~~~~[0m
[96msrc/components/ui/dialog.tsx[0m:[93m31[0m:[93m9[0m - [93mwarning[0m[90m ts(6385): [0m'ElementRef' is deprecated.

[7m31[0m   React.ElementRef<typeof DialogPrimitive.Content>,
[7m  [0m [93m        ~~~~~~~~~~[0m
[96msrc/components/ui/dialog.tsx[0m:[93m16[0m:[93m9[0m - [93mwarning[0m[90m ts(6385): [0m'ElementRef' is deprecated.

[7m16[0m   React.ElementRef<typeof DialogPrimitive.Overlay>,
[7m  [0m [93m        ~~~~~~~~~~[0m

[96msrc/components/ui/label.tsx[0m:[93m12[0m:[93m9[0m - [93mwarning[0m[90m ts(6385): [0m'ElementRef' is deprecated.

[7m12[0m   React.ElementRef<typeof LabelPrimitive.Root>,
[7m  [0m [93m        ~~~~~~~~~~[0m

[96msrc/components/ui/progress.tsx[0m:[93m7[0m:[93m9[0m - [93mwarning[0m[90m ts(6385): [0m'ElementRef' is deprecated.

[7m7[0m   React.ElementRef<typeof ProgressPrimitive.Root>,
[7m [0m [93m        ~~~~~~~~~~[0m

[96msrc/components/ui/radio-group.tsx[0m:[93m22[0m:[93m9[0m - [93mwarning[0m[90m ts(6385): [0m'ElementRef' is deprecated.

[7m22[0m   React.ElementRef<typeof RadioGroupPrimitive.Item>,
[7m  [0m [93m        ~~~~~~~~~~[0m
[96msrc/components/ui/radio-group.tsx[0m:[93m8[0m:[93m9[0m - [93mwarning[0m[90m ts(6385): [0m'ElementRef' is deprecated.

[7m8[0m   React.ElementRef<typeof RadioGroupPrimitive.Root>,
[7m [0m [93m        ~~~~~~~~~~[0m

[96msrc/components/ui/select.tsx[0m:[93m137[0m:[93m9[0m - [93mwarning[0m[90m ts(6385): [0m'ElementRef' is deprecated.

[7m137[0m   React.ElementRef<typeof SelectPrimitive.Separator>,
[7m   [0m [93m        ~~~~~~~~~~[0m
[96msrc/components/ui/select.tsx[0m:[93m115[0m:[93m9[0m - [93mwarning[0m[90m ts(6385): [0m'ElementRef' is deprecated.

[7m115[0m   React.ElementRef<typeof SelectPrimitive.Item>,
[7m   [0m [93m        ~~~~~~~~~~[0m
[96msrc/components/ui/select.tsx[0m:[93m103[0m:[93m9[0m - [93mwarning[0m[90m ts(6385): [0m'ElementRef' is deprecated.

[7m103[0m   React.ElementRef<typeof SelectPrimitive.Label>,
[7m   [0m [93m        ~~~~~~~~~~[0m
[96msrc/components/ui/select.tsx[0m:[93m71[0m:[93m9[0m - [93mwarning[0m[90m ts(6385): [0m'ElementRef' is deprecated.

[7m71[0m   React.ElementRef<typeof SelectPrimitive.Content>,
[7m  [0m [93m        ~~~~~~~~~~[0m
[96msrc/components/ui/select.tsx[0m:[93m53[0m:[93m9[0m - [93mwarning[0m[90m ts(6385): [0m'ElementRef' is deprecated.

[7m53[0m   React.ElementRef<typeof SelectPrimitive.ScrollDownButton>,
[7m  [0m [93m        ~~~~~~~~~~[0m
[96msrc/components/ui/select.tsx[0m:[93m36[0m:[93m9[0m - [93mwarning[0m[90m ts(6385): [0m'ElementRef' is deprecated.

[7m36[0m   React.ElementRef<typeof SelectPrimitive.ScrollUpButton>,
[7m  [0m [93m        ~~~~~~~~~~[0m
[96msrc/components/ui/select.tsx[0m:[93m16[0m:[93m9[0m - [93mwarning[0m[90m ts(6385): [0m'ElementRef' is deprecated.

[7m16[0m   React.ElementRef<typeof SelectPrimitive.Trigger>,
[7m  [0m [93m        ~~~~~~~~~~[0m

[96msrc/components/ui/tabs.tsx[0m:[93m41[0m:[93m11[0m - [93mwarning[0m[90m ts(6385): [0m'ElementRef' is deprecated.

[7m41[0m     React.ElementRef<typeof TabsPrimitive.Content>,
[7m  [0m [93m          ~~~~~~~~~~[0m
[96msrc/components/ui/tabs.tsx[0m:[93m26[0m:[93m11[0m - [93mwarning[0m[90m ts(6385): [0m'ElementRef' is deprecated.

[7m26[0m     React.ElementRef<typeof TabsPrimitive.Trigger>,
[7m  [0m [93m          ~~~~~~~~~~[0m
[96msrc/components/ui/tabs.tsx[0m:[93m11[0m:[93m11[0m - [93mwarning[0m[90m ts(6385): [0m'ElementRef' is deprecated.

[7m11[0m     React.ElementRef<typeof TabsPrimitive.List>,
[7m  [0m [93m          ~~~~~~~~~~[0m

[96msrc/components/ui/toast.tsx[0m:[93m104[0m:[93m9[0m - [93mwarning[0m[90m ts(6385): [0m'ElementRef' is deprecated.

[7m104[0m   React.ElementRef<typeof ToastPrimitives.Description>,
[7m   [0m [93m        ~~~~~~~~~~[0m
[96msrc/components/ui/toast.tsx[0m:[93m92[0m:[93m9[0m - [93mwarning[0m[90m ts(6385): [0m'ElementRef' is deprecated.

[7m92[0m   React.ElementRef<typeof ToastPrimitives.Title>,
[7m  [0m [93m        ~~~~~~~~~~[0m
[96msrc/components/ui/toast.tsx[0m:[93m74[0m:[93m9[0m - [93mwarning[0m[90m ts(6385): [0m'ElementRef' is deprecated.

[7m74[0m   React.ElementRef<typeof ToastPrimitives.Close>,
[7m  [0m [93m        ~~~~~~~~~~[0m
[96msrc/components/ui/toast.tsx[0m:[93m59[0m:[93m9[0m - [93mwarning[0m[90m ts(6385): [0m'ElementRef' is deprecated.

[7m59[0m   React.ElementRef<typeof ToastPrimitives.Action>,
[7m  [0m [93m        ~~~~~~~~~~[0m
[96msrc/components/ui/toast.tsx[0m:[93m44[0m:[93m9[0m - [93mwarning[0m[90m ts(6385): [0m'ElementRef' is deprecated.

[7m44[0m   React.ElementRef<typeof ToastPrimitives.Root>,
[7m  [0m [93m        ~~~~~~~~~~[0m
[96msrc/components/ui/toast.tsx[0m:[93m13[0m:[93m9[0m - [93mwarning[0m[90m ts(6385): [0m'ElementRef' is deprecated.

[7m13[0m   React.ElementRef<typeof ToastPrimitives.Viewport>,
[7m  [0m [93m        ~~~~~~~~~~[0m

Result (50 files): 
- 0 errors
- 0 warnings
- 27 hints

[2m21:16:37[22m [34m[content][39m Syncing content
[2m21:16:38[22m [34m[content][39m Synced content
[2m21:16:38[22m [34m[types][39m Generated [2m433ms[22m
[2m21:16:38[22m [34m[build][39m output: [34m"static"[39m
[2m21:16:38[22m [34m[build][39m mode: [34m"static"[39m
[2m21:16:38[22m [34m[build][39m directory: [34mC:\Users\jpfaj\OneDrive\Desktop\astrox-template\dist\[39m
[2m21:16:38[22m [34m[build][39m Collecting build info...
[2m21:16:38[22m [34m[build][39m [32mΓ£ô Completed in 557ms.[39m
[2m21:16:38[22m [34m[build][39m Building static entrypoints...
[2m21:16:39[22m [34m[vite][39m [32mΓ£ô built in 1.87s[39m
[2m21:16:39[22m [34m[build][39m [32mΓ£ô Completed in 1.90s.[39m

[42m[30m building client (vite) [39m[49m
[2m21:16:39[22m [34m[vite][39m transforming...
[2m21:16:43[22m [34m[vite][39m [32mΓ£ô[39m 2523 modules transformed.
[2m21:16:43[22m [34m[vite][39m rendering chunks...
[2m21:16:43[22m [34m[vite][39m computing gzip size...
[2m21:16:43[22m [34m[vite][39m [2mdist/[22m[36m_astro/DataSync.DLPjw7su.js             [39m[1m[2m  0.25 kB[22m[1m[22m[2m Γöé gzip:  0.21 kB[22m
[2m21:16:43[22m [34m[vite][39m [2mdist/[22m[36m_astro/chevron-left.CLPYgNH2.js         [39m[1m[2m  0.31 kB[22m[1m[22m[2m Γöé gzip:  0.26 kB[22m
[2m21:16:43[22m [34m[vite][39m [2mdist/[22m[36m_astro/x.BSlc-Acb.js                    [39m[1m[2m  0.34 kB[22m[1m[22m[2m Γöé gzip:  0.26 kB[22m
[2m21:16:43[22m [34m[vite][39m [2mdist/[22m[36m_astro/search.BtC_e5Qj.js               [39m[1m[2m  0.35 kB[22m[1m[22m[2m Γöé gzip:  0.28 kB[22m
[2m21:16:43[22m [34m[vite][39m [2mdist/[22m[36m_astro/circle-check.Rmvp6teq.js         [39m[1m[2m  0.36 kB[22m[1m[22m[2m Γöé gzip:  0.28 kB[22m
[2m21:16:43[22m [34m[vite][39m [2mdist/[22m[36m_astro/upload.ChAeaxhK.js               [39m[1m[2m  0.41 kB[22m[1m[22m[2m Γöé gzip:  0.30 kB[22m
[2m21:16:43[22m [34m[vite][39m [2mdist/[22m[36m_astro/calendar.BT0b-oWm.js             [39m[1m[2m  0.44 kB[22m[1m[22m[2m Γöé gzip:  0.31 kB[22m
[2m21:16:43[22m [34m[vite][39m [2mdist/[22m[36m_astro/users.Dh5-PK0Q.js                [39m[1m[2m  0.49 kB[22m[1m[22m[2m Γöé gzip:  0.33 kB[22m
[2m21:16:43[22m [34m[vite][39m [2mdist/[22m[36m_astro/save.CmI6E1EE.js                 [39m[1m[2m  0.51 kB[22m[1m[22m[2m Γöé gzip:  0.33 kB[22m
[2m21:16:43[22m [34m[vite][39m [2mdist/[22m[36m_astro/trash-2.CVpjZ1T2.js              [39m[1m[2m  0.51 kB[22m[1m[22m[2m Γöé gzip:  0.32 kB[22m
[2m21:16:43[22m [34m[vite][39m [2mdist/[22m[36m_astro/input.CpmiTiNT.js                [39m[1m[2m  0.71 kB[22m[1m[22m[2m Γöé gzip:  0.43 kB[22m
[2m21:16:43[22m [34m[vite][39m [2mdist/[22m[36m_astro/jsx-runtime.D_zvdyIk.js          [39m[1m[2m  0.73 kB[22m[1m[22m[2m Γöé gzip:  0.46 kB[22m
[2m21:16:43[22m [34m[vite][39m [2mdist/[22m[36m_astro/badge.BtCFNitm.js                [39m[1m[2m  0.79 kB[22m[1m[22m[2m Γöé gzip:  0.42 kB[22m
[2m21:16:43[22m [34m[vite][39m [2mdist/[22m[36m_astro/house.BF8ZmEmF.js                [39m[1m[2m  0.97 kB[22m[1m[22m[2m Γöé gzip:  0.46 kB[22m
[2m21:16:43[22m [34m[vite][39m [2mdist/[22m[36m_astro/label.BEELUgha.js                [39m[1m[2m  0.98 kB[22m[1m[22m[2m Γöé gzip:  0.60 kB[22m
[2m21:16:43[22m [34m[vite][39m [2mdist/[22m[36m_astro/card.B7t_Hril.js                 [39m[1m[2m  1.06 kB[22m[1m[22m[2m Γöé gzip:  0.41 kB[22m
[2m21:16:43[22m [34m[vite][39m [2mdist/[22m[36m_astro/index.Cs5vewZA.js                [39m[1m[2m  2.10 kB[22m[1m[22m[2m Γöé gzip:  0.94 kB[22m
[2m21:16:43[22m [34m[vite][39m [2mdist/[22m[36m_astro/createLucideIcon.BfVnSBWr.js     [39m[1m[2m  2.58 kB[22m[1m[22m[2m Γöé gzip:  0.81 kB[22m
[2m21:16:43[22m [34m[vite][39m [2mdist/[22m[36m_astro/progress.C6l3ftTI.js             [39m[1m[2m  3.33 kB[22m[1m[22m[2m Γöé gzip:  1.58 kB[22m
[2m21:16:43[22m [34m[vite][39m [2mdist/[22m[36m_astro/index.CrJHwP2r.js                [39m[1m[2m  3.89 kB[22m[1m[22m[2m Γöé gzip:  1.52 kB[22m
[2m21:16:43[22m [34m[vite][39m [2mdist/[22m[36m_astro/LoginForm.CSaSwEhs.js            [39m[1m[2m  4.98 kB[22m[1m[22m[2m Γöé gzip:  1.97 kB[22m
[2m21:16:43[22m [34m[vite][39m [2mdist/[22m[36m_astro/Timelines.BxC23DXI.js            [39m[1m[2m  5.25 kB[22m[1m[22m[2m Γöé gzip:  1.66 kB[22m
[2m21:16:43[22m [34m[vite][39m [2mdist/[22m[36m_astro/DocumentCenter.Cz9Nfe2S.js       [39m[1m[2m  5.88 kB[22m[1m[22m[2m Γöé gzip:  2.31 kB[22m
[2m21:16:43[22m [34m[vite][39m [2mdist/[22m[36m_astro/SurveyHub.Ckn2Xi07.js            [39m[1m[2m  5.92 kB[22m[1m[22m[2m Γöé gzip:  2.37 kB[22m
[2m21:16:43[22m [34m[vite][39m [2mdist/[22m[36m_astro/store.DfqvQXHW.js                [39m[1m[2m  6.17 kB[22m[1m[22m[2m Γöé gzip:  2.27 kB[22m
[2m21:16:43[22m [34m[vite][39m [2mdist/[22m[36m_astro/index.DqPzUibQ.js                [39m[1m[2m  7.51 kB[22m[1m[22m[2m Γöé gzip:  2.72 kB[22m
[2m21:16:43[22m [34m[vite][39m [2mdist/[22m[36m_astro/Sidebar.CaWyTODk.js              [39m[1m[2m  7.55 kB[22m[1m[22m[2m Γöé gzip:  2.54 kB[22m
[2m21:16:43[22m [34m[vite][39m [2mdist/[22m[36m_astro/ContactManagement.DqUqoaMm.js    [39m[1m[2m  7.81 kB[22m[1m[22m[2m Γöé gzip:  2.43 kB[22m
[2m21:16:43[22m [34m[vite][39m [2mdist/[22m[36m_astro/index.DwQS_Y10.js                [39m[1m[2m  8.37 kB[22m[1m[22m[2m Γöé gzip:  3.28 kB[22m
[2m21:16:43[22m [34m[vite][39m [2mdist/[22m[36m_astro/PropertyProfile.gGX6iZWD.js      [39m[1m[2m 10.87 kB[22m[1m[22m[2m Γöé gzip:  3.92 kB[22m
[2m21:16:43[22m [34m[vite][39m [2mdist/[22m[36m_astro/notes-app.DIN37woS.js            [39m[1m[2m 11.61 kB[22m[1m[22m[2m Γöé gzip:  4.23 kB[22m
[2m21:16:43[22m [34m[vite][39m [2mdist/[22m[36m_astro/SurveyEngine.CoBDjrJY.js         [39m[1m[2m 12.80 kB[22m[1m[22m[2m Γöé gzip:  5.02 kB[22m
[2m21:16:43[22m [34m[vite][39m [2mdist/[22m[36m_astro/InspectionScheduler.CqXF2-Nj.js  [39m[1m[2m 29.47 kB[22m[1m[22m[2m Γöé gzip:  9.18 kB[22m
[2m21:16:43[22m [34m[vite][39m [2mdist/[22m[36m_astro/button.B21H2K7_.js               [39m[1m[2m 29.50 kB[22m[1m[22m[2m Γöé gzip:  9.81 kB[22m
[2m21:16:43[22m [34m[vite][39m [2mdist/[22m[36m_astro/select.CpVQ9Ipp.js               [39m[1m[2m 70.47 kB[22m[1m[22m[2m Γöé gzip: 24.64 kB[22m
[2m21:16:43[22m [34m[vite][39m [2mdist/[22m[36m_astro/proxy.B0M88WLP.js                [39m[1m[2m115.50 kB[22m[1m[22m[2m Γöé gzip: 37.89 kB[22m
[2m21:16:43[22m [34m[vite][39m [2mdist/[22m[36m_astro/client.CrFkE78Q.js               [39m[1m[2m182.74 kB[22m[1m[22m[2m Γöé gzip: 57.61 kB[22m
[2m21:16:43[22m [34m[vite][39m [32mΓ£ô built in 3.41s[39m

[42m[30m generating static routes [39m[49m
[2m21:16:43[22m [32mΓû╢[39m src/pages/admin/dashboard.astro
node.exe : (node:12360) Warning: 
`--localstorage-file` was provided without a 
valid path
At C:\Users\jpfaj\AppData\Roaming\npm\npm.ps1:24 
char:5
+     & "node$exe"  
"$basedir/node_modules/npm/bin/npm-cli.js" $args
+     ~~~~~~~~~~~~~~~~~~~~~~~~~~~~~~~~~~~~~~~~~~~
~~~~~~~~~~~~~~~~~~~
    + CategoryInfo          : NotSpecified: ((no 
   de:12360) Wa...ut a valid path:String) [], R  
  emoteException
    + FullyQualifiedErrorId : NativeCommandError
 
(Use `node --trace-warnings ...` to show where 
the warning was created)
[2m21:16:43[22m   [34mΓööΓöÇ[39m [2m/admin/dashboard/index.html[22m [2m(+26ms)[22m 
[2m21:16:43[22m [32mΓû╢[39m src/pages/client/dashboard.astro
[2m21:16:43[22m   [34mΓööΓöÇ[39m [2m/client/dashboard/index.html[22m [2m(+12ms)[22m 
[2m21:16:43[22m [32mΓû╢[39m src/pages/client/documents.astro
[2m21:16:43[22m   [34mΓööΓöÇ[39m [2m/client/documents/index.html[22m [2m(+9ms)[22m 
[2m21:16:44[22m [32mΓû╢[39m src/pages/client/inspection.astro
[2m21:16:44[22m   [34mΓööΓöÇ[39m [2m/client/inspection/index.html[22m [2m(+4ms)[22m 
[2m21:16:44[22m [32mΓû╢[39m src/pages/client/profile.astro
Error: `TabsTrigger` must be used within `Tabs`
    at useContext2 (file:///C:/Users/jpfaj/OneDri
ve/Desktop/astrox-template/node_modules/@radix-ui
/react-context/dist/index.mjs:38:13)
    at file:///C:/Users/jpfaj/OneDrive/Desktop/as
trox-template/node_modules/@radix-ui/react-tabs/d
ist/index.mjs:96:21
    at renderWithHooks (C:\Users\jpfaj\OneDrive\D
esktop\astrox-template\node_modules\react-dom\cjs
\react-dom-server.node.production.js:4647:18)
    at renderElement (C:\Users\jpfaj\OneDrive\Des
ktop\astrox-template\node_modules\react-dom\cjs\r
eact-dom-server.node.production.js:5193:18)
    at retryNode (C:\Users\jpfaj\OneDrive\Desktop
\astrox-template\node_modules\react-dom\cjs\react
-dom-server.node.production.js:5503:16)
    at renderNodeDestructive (C:\Users\jpfaj\OneD
rive\Desktop\astrox-template\node_modules\react-d
om\cjs\react-dom-server.node.production.js:5297:7
)
    at finishFunctionComponent (C:\Users\jpfaj\On
eDrive\Desktop\astrox-template\node_modules\react
-dom\cjs\react-dom-server.node.production.js:4688
:9)
    at renderElement (C:\Users\jpfaj\OneDrive\Des
ktop\astrox-template\node_modules\react-dom\cjs\r
eact-dom-server.node.production.js:5201:11)
    at retryNode (C:\Users\jpfaj\OneDrive\Desktop
\astrox-template\node_modules\react-dom\cjs\react
-dom-server.node.production.js:5503:16)
    at performWork (C:\Users\jpfaj\OneDrive\Deskt
op\astrox-template\node_modules\react-dom\cjs\rea
ct-dom-server.node.production.js:6344:13)
Error: `TabsTrigger` must be used within `Tabs`
    at useContext2 (file:///C:/Users/jpfaj/OneDri
ve/Desktop/astrox-template/node_modules/@radix-ui
/react-context/dist/index.mjs:38:13)
    at file:///C:/Users/jpfaj/OneDrive/Desktop/as
trox-template/node_modules/@radix-ui/react-tabs/d
ist/index.mjs:96:21
    at renderWithHooks (C:\Users\jpfaj\OneDrive\D
esktop\astrox-template\node_modules\react-dom\cjs
\react-dom-server.node.production.js:4647:18)
    at renderElement (C:\Users\jpfaj\OneDrive\Des
ktop\astrox-template\node_modules\react-dom\cjs\r
eact-dom-server.node.production.js:5193:18)
    at retryNode (C:\Users\jpfaj\OneDrive\Desktop
\astrox-template\node_modules\react-dom\cjs\react
-dom-server.node.production.js:5503:16)
    at renderNodeDestructive (C:\Users\jpfaj\OneD
rive\Desktop\astrox-template\node_modules\react-d
om\cjs\react-dom-server.node.production.js:5297:7
)
    at finishFunctionComponent (C:\Users\jpfaj\On
eDrive\Desktop\astrox-template\node_modules\react
-dom\cjs\react-dom-server.node.production.js:4688
:9)
    at renderElement (C:\Users\jpfaj\OneDrive\Des
ktop\astrox-template\node_modules\react-dom\cjs\r
eact-dom-server.node.production.js:5201:11)
    at retryNode (C:\Users\jpfaj\OneDrive\Desktop
\astrox-template\node_modules\react-dom\cjs\react
-dom-server.node.production.js:5503:16)
    at performWork (C:\Users\jpfaj\OneDrive\Deskt
op\astrox-template\node_modules\react-dom\cjs\rea
ct-dom-server.node.production.js:6344:13)
Error: `TabsContent` must be used within `Tabs`
    at useContext2 (file:///C:/Users/jpfaj/OneDri
ve/Desktop/astrox-template/node_modules/@radix-ui
/react-context/dist/index.mjs:38:13)
    at file:///C:/Users/jpfaj/OneDrive/Desktop/as
trox-template/node_modules/@radix-ui/react-tabs/d
ist/index.mjs:148:21
    at renderWithHooks (C:\Users\jpfaj\OneDrive\D
esktop\astrox-template\node_modules\react-dom\cjs
\react-dom-server.node.production.js:4647:18)
    at renderElement (C:\Users\jpfaj\OneDrive\Des
ktop\astrox-template\node_modules\react-dom\cjs\r
eact-dom-server.node.production.js:5193:18)
    at retryNode (C:\Users\jpfaj\OneDrive\Desktop
\astrox-template\node_modules\react-dom\cjs\react
-dom-server.node.production.js:5503:16)
    at renderNodeDestructive (C:\Users\jpfaj\OneD
rive\Desktop\astrox-template\node_modules\react-d
om\cjs\react-dom-server.node.production.js:5297:7
)
    at finishFunctionComponent (C:\Users\jpfaj\On
eDrive\Desktop\astrox-template\node_modules\react
-dom\cjs\react-dom-server.node.production.js:4688
:9)
    at renderElement (C:\Users\jpfaj\OneDrive\Des
ktop\astrox-template\node_modules\react-dom\cjs\r
eact-dom-server.node.production.js:5201:11)
    at retryNode (C:\Users\jpfaj\OneDrive\Desktop
\astrox-template\node_modules\react-dom\cjs\react
-dom-server.node.production.js:5503:16)
    at performWork (C:\Users\jpfaj\OneDrive\Deskt
op\astrox-template\node_modules\react-dom\cjs\rea
ct-dom-server.node.production.js:6344:13)
Error: `TabsContent` must be used within `Tabs`
    at useContext2 (file:///C:/Users/jpfaj/OneDri
ve/Desktop/astrox-template/node_modules/@radix-ui
/react-context/dist/index.mjs:38:13)
    at file:///C:/Users/jpfaj/OneDrive/Desktop/as
trox-template/node_modules/@radix-ui/react-tabs/d
ist/index.mjs:148:21
    at renderWithHooks (C:\Users\jpfaj\OneDrive\D
esktop\astrox-template\node_modules\react-dom\cjs
\react-dom-server.node.production.js:4647:18)
    at renderElement (C:\Users\jpfaj\OneDrive\Des
ktop\astrox-template\node_modules\react-dom\cjs\r
eact-dom-server.node.production.js:5193:18)
    at retryNode (C:\Users\jpfaj\OneDrive\Desktop
\astrox-template\node_modules\react-dom\cjs\react
-dom-server.node.production.js:5503:16)
    at renderNodeDestructive (C:\Users\jpfaj\OneD
rive\Desktop\astrox-template\node_modules\react-d
om\cjs\react-dom-server.node.production.js:5297:7
)
    at finishFunctionComponent (C:\Users\jpfaj\On
eDrive\Desktop\astrox-template\node_modules\react
-dom\cjs\react-dom-server.node.production.js:4688
:9)
    at renderElement (C:\Users\jpfaj\OneDrive\Des
ktop\astrox-template\node_modules\react-dom\cjs\r
eact-dom-server.node.production.js:5201:11)
    at retryNode (C:\Users\jpfaj\OneDrive\Desktop
\astrox-template\node_modules\react-dom\cjs\react
-dom-server.node.production.js:5503:16)
    at performWork (C:\Users\jpfaj\OneDrive\Deskt
op\astrox-template\node_modules\react-dom\cjs\rea
ct-dom-server.node.production.js:6344:13)
`TabsTrigger` must be used within `Tabs`
  [1mStack trace:[22m
[2m    at useContext2 (file:///C:/Users/jpfaj/On
eDrive/Desktop/astrox-template/node_modules/@radi
x-ui/react-context/dist/index.mjs:38:13)
    at renderWithHooks (C:\Users\jpfaj\OneDrive\D
esktop\astrox-template\node_modules\react-dom\cjs
\react-dom-server.node.production.js:4647:18)
    at retryNode (C:\Users\jpfaj\OneDrive\Desktop
\astrox-template\node_modules\react-dom\cjs\react
-dom-server.node.production.js:5503:16)
    at finishFunctionComponent (C:\Users\jpfaj\On
eDrive\Desktop\astrox-template\node_modules\react
-dom\cjs\react-dom-server.node.production.js:4688
:9)
    at retryNode (C:\Users\jpfaj\OneDrive\Desktop
\astrox-template\node_modules\react-dom\cjs\react
-dom-server.node.production.js:5503:16)[22m
[2m21:16:44[22m   [34mΓööΓöÇ[39m [2m/client/profile/index.html[22m
