node.exe : 2026-01-29T03:59:19.826Z astro:cli 
--verbose flag enabled! Enabling: 
DEBUG="astro:*,vite:*"
At C:\Users\jpfaj\AppData\Roaming\npm\npx.ps1:24 
char:5
+     & "node$exe"  
"$basedir/node_modules/npm/bin/npx-cli.js" $args
+     ~~~~~~~~~~~~~~~~~~~~~~~~~~~~~~~~~~~~~~~~~~~
~~~~~~~~~~~~~~~~~~~
    + CategoryInfo          : NotSpecified: (202 
   6-01-29T03:5...astro:*,vite:*":String) [], R  
  emoteException
    + FullyQualifiedErrorId : NativeCommandError
 
2026-01-29T03:59:19.826Z astro:cli Tip: Set the 
DEBUG env variable directly for more control. 
Example: "DEBUG=astro:*,vite:* astro build".
2026-01-29T03:59:20.443Z astro:telemetry 
[notify] last notified on 1753764156697
2026-01-29T03:59:22.317Z vite:env loading env 
files: [
  'C:/Users/jpfaj/OneDrive/Desktop/astrox-templat
e/.env',
  'C:/Users/jpfaj/OneDrive/Desktop/astrox-templat
e/.env.local',
  'C:/Users/jpfaj/OneDrive/Desktop/astrox-templat
e/.env.production',
  'C:/Users/jpfaj/OneDrive/Desktop/astrox-templat
e/.env.production.local'
]
2026-01-29T03:59:22.317Z vite:env env files 
loaded in 0.92ms
2026-01-29T03:59:22.319Z vite:env using resolved 
env: {
  ACSvcPort: '17532',
  ALLUSERSPROFILE: 'C:\\ProgramData',
  ANTIGRAVITY_AGENT: '1',
  ANTIGRAVITY_CLI_ALIAS: 'agy',
  APPDATA: 'C:\\Users\\jpfaj\\AppData\\Roaming',
  ChocolateyInstall: 
'C:\\ProgramData\\chocolatey',
  ChocolateyLastPathUpdate: '133700400910296411',
  CHROME_CRASHPAD_PIPE_NAME: 
'\\\\.\\pipe\\crashpad_22164_CHOGMVDLSCGCTXOQ',
  COLOR: '0',
  COLORTERM: 'truecolor',
  CommonProgramFiles: 'C:\\Program Files\\Common 
Files',
  'CommonProgramFiles(x86)': 'C:\\Program Files 
(x86)\\Common Files',
  CommonProgramW6432: 'C:\\Program Files\\Common 
Files',
  COMPUTERNAME: 'PANDORA',
  ComSpec: 'C:\\WINDOWS\\system32\\cmd.exe',
  CUDA_PATH: 'C:\\Program Files\\NVIDIA GPU 
Computing Toolkit\\CUDA\\v13.0',
  CUDA_PATH_V13_0: 'C:\\Program Files\\NVIDIA 
GPU Computing Toolkit\\CUDA\\v13.0',
  DEBUG: 'astro:*,vite:*',
  DriverData: 
'C:\\Windows\\System32\\Drivers\\DriverData',
  EDITOR: 'C:\\WINDOWS\\notepad.exe',
  EFC_13132_1592913036: '1',
  GIT_ASKPASS: 'c:\\Users\\jpfaj\\AppData\\Local\
\Programs\\Antigravity\\resources\\app\\extension
s\\git\\dist\\askpass.sh',
  HOME: 'C:\\Users\\jpfaj',
  HOMEDRIVE: 'C:',
  HOMEPATH: '\\Users\\jpfaj',
  IGCCSVC_DB: 'AQAAANCMnd8BFdERjHoAwE/Cl+sBAAAA2d
BmacODhECowOU+6lWWSgQAAAACAAAAAAAQZgAAAAEAACAAAAD
wahyXqyq7zjbIR7kqH9lU67IU8iASL4qQJxlVjT6GGAAAAAAO
gAAAAAIAACAAAADtbP1lwn+ZHyV93OibnpGYv99PPMU9KfYjS
amqIL5AH2AAAACFGCmk0dGXUjXVXkC7wFnDEwBBts7GoJvh+m
LhcpQH+1FkaeGd9Wo0FU5T2ArrdiGd97M0SwrUnBf5j6h0DBQ
xUynonhCb0iIlUnZqerIhVy5rP/2YA4lQHKdXxxVvqo9AAAAA
TgypyvURSmU9irAhRZzII+JQSbSgFYzRYbj8m3zElX+cn8yse
tGH4gjeB6CfGBh259E5+DiH1c17Zh0CEgvUbQ==',
  INIT_CWD: 'C:\\Users\\jpfaj\\OneDrive\\Desktop\
\astrox-template',
  LANG: 'en_US.UTF-8',
  LOCALAPPDATA: 
'C:\\Users\\jpfaj\\AppData\\Local',
  LOGONSERVER: '\\\\PANDORA',
  NODE: 'C:\\Program Files\\nodejs\\node.exe',
  NODE_ENV: 'production',
  npm_command: 'exec',
  npm_config_cache: 
'C:\\Users\\jpfaj\\AppData\\Local\\npm-cache',
  npm_config_globalconfig: 'C:\\Users\\jpfaj\\App
Data\\Roaming\\npm\\etc\\npmrc',
  npm_config_global_prefix: 
'C:\\Users\\jpfaj\\AppData\\Roaming\\npm',
  npm_config_init_module: 
'C:\\Users\\jpfaj\\.npm-init.js',
  npm_config_local_prefix: 'C:\\Users\\jpfaj\\One
Drive\\Desktop\\astrox-template',
  npm_config_node_gyp: 'C:\\Users\\jpfaj\\AppData
\\Roaming\\npm\\node_modules\\npm\\node_modules\\
node-gyp\\bin\\node-gyp.js',
  npm_config_noproxy: '',
  npm_config_npm_version: '11.6.2',
  npm_config_prefix: 
'C:\\Users\\jpfaj\\AppData\\Roaming\\npm',
  npm_config_userconfig: 
'C:\\Users\\jpfaj\\.npmrc',
  npm_config_user_agent: 'npm/11.6.2 
node/v25.0.0 win32 x64 workspaces/false',
  npm_execpath: 'C:\\Users\\jpfaj\\AppData\\Roami
ng\\npm\\node_modules\\npm\\bin\\npm-cli.js',
  npm_lifecycle_event: 'npx',
  npm_lifecycle_script: 'astro',
  npm_node_execpath: 'C:\\Program 
Files\\nodejs\\node.exe',
  npm_package_json: 'C:\\Users\\jpfaj\\OneDrive\\
Desktop\\astrox-template\\package.json',
  npm_package_name: 'astrox',
  npm_package_version: '0.0.2',
  NUMBER_OF_PROCESSORS: '16',
  OneDrive: 'C:\\Users\\jpfaj\\OneDrive',
  OneDriveConsumer: 'C:\\Users\\jpfaj\\OneDrive',
  ORIGINAL_XDG_CURRENT_DESKTOP: 'undefined',
  OS: 'Windows_NT',
  PAGER: 'cat',
  Path: 'C:\\Users\\jpfaj\\OneDrive\\Desktop\\ast
rox-template\\node_modules\\.bin;C:\\Users\\jpfaj
\\OneDrive\\Desktop\\astrox-template\\node_module
s\\.bin;C:\\Users\\jpfaj\\OneDrive\\Desktop\\node
_modules\\.bin;C:\\Users\\jpfaj\\OneDrive\\node_m
odules\\.bin;C:\\Users\\jpfaj\\node_modules\\.bin
;C:\\Users\\node_modules\\.bin;C:\\node_modules\\
.bin;C:\\Users\\jpfaj\\AppData\\Roaming\\npm\\nod
e_modules\\npm\\node_modules\\@npmcli\\run-script
\\lib\\node-gyp-bin;C:\\Program Files\\NVIDIA 
GPU Computing 
Toolkit\\CUDA\\v13.0\\bin\\x64;C:\\Program 
Files\\NVIDIA GPU Computing 
Toolkit\\CUDA\\v13.0\\bin;C:\\Program Files\\Imag
eMagick-7.1.2-Q16-HDRI;c:\\Users\\jpfaj\\AppData\
\Local\\Programs\\cursor\\resources\\app\\bin;C:\
\Python312\\Scripts\\;C:\\Python312\\;C:\\Windows
\\system32;C:\\Windows;C:\\Windows\\System32\\Wbe
m;C:\\Windows\\System32\\WindowsPowerShell\\v1.0\
\;C:\\Windows\\System32\\OpenSSH\\;C:\\Program 
Files (x86)\\NVIDIA 
Corporation\\PhysX\\Common;C:\\Program 
Files\\NVIDIA Corporation\\NVIDIA NvDLISR;C:\\Pro
gramData\\chocolatey\\bin;C:\\Program 
Files\\MySQL\\MySQL Shell 8.0\\bin\\;C:\\Users\\j
pfaj\\AppData\\Local\\Microsoft\\WindowsApps;C:\\
Users\\jpfaj\\AppData\\Roaming\\npm;C:\\Program 
Files\\MySQL\\MySQL Server 8.0\\bin;C:\\WINDOWS\\
system32;C:\\WINDOWS;C:\\WINDOWS\\System32\\Wbem;
C:\\WINDOWS\\System32\\WindowsPowerShell\\v1.0\\;
C:\\WINDOWS\\System32\\OpenSSH\\;C:\\Program 
Files\\Git\\cmd;C:\\Program 
Files\\nodejs\\;C:\\Program 
Files\\Vagrant\\bin;C:\\Program Files\\Docker\\Do
cker\\resources\\bin;C:\\Program Files\\NVIDIA 
Corporation\\Nsight Compute 
2025.3.1\\;C:\\Program Files\\dotnet\\;C:\\Users\
\jpfaj\\.moon\\bin;C:\\Users\\jpfaj\\.cargo\\bin;
C:\\\\Users\\\\jpfaj\\\\AppData\\\\Local\\\\Goose
\\\\bin;C:\\Users\\jpfaj;C:\\Users\\jpfaj\\AppDat
a\\Local\\Microsoft\\WindowsApps;C:\\Users\\jpfaj
\\AppData\\Local\\Programs\\Microsoft VS Code\\bi
n;C:\\Users\\jpfaj\\AppData\\Local\\Programs\\Kir
o\\bin;C:\\Users\\jpfaj\\AppData\\Local\\Programs
\\Qoder\\bin;C:\\Users\\jpfaj\\AppData\\Local\\Pr
ograms\\Ollama;C:\\Users\\jpfaj\\.bun\\bin;C:\\Us
ers\\jpfaj\\AppData\\Roaming\\npm;C:\\Users\\jpfa
j\\AppData\\Local\\Programs\\Zed\\bin;C:\\Users\\
jpfaj\\.dotnet\\tools;C:\\Users\\jpfaj\\AppData\\
Local\\Programs\\Antigravity\\bin',
  PATHEXT: '.COM;.EXE;.BAT;.CMD;.VBS;.VBE;.JS;.JS
E;.WSF;.WSH;.MSC;.PY;.PYW;.CPL',
  PROCESSOR_ARCHITECTURE: 'AMD64',
  PROCESSOR_IDENTIFIER: 'Intel64 Family 6 Model 
154 Stepping 3, GenuineIntel',
  PROCESSOR_LEVEL: '6',
  PROCESSOR_REVISION: '9a03',
  ProgramData: 'C:\\ProgramData',
  ProgramFiles: 'C:\\Program Files',
  'ProgramFiles(x86)': 'C:\\Program Files (x86)',
  ProgramW6432: 'C:\\Program Files',
  PROMPT: '$P$G',
  PSModulePath: 'C:\\Users\\jpfaj\\OneDrive\\Docu
ments\\WindowsPowerShell\\Modules;C:\\Program Fil
es\\WindowsPowerShell\\Modules;C:\\WINDOWS\\syste
m32\\WindowsPowerShell\\v1.0\\Modules',
  PUBLIC: 'C:\\Users\\Public',
  RlsSvcPort: '22112',
  SESSIONNAME: 'Console',
  SystemDrive: 'C:',
  SystemRoot: 'C:\\WINDOWS',
  TEMP: 'C:\\Users\\jpfaj\\AppData\\Local\\Temp',
  TERM_PROGRAM: 'vscode',
  TERM_PROGRAM_VERSION: '1.104.0',
  TMP: 'C:\\Users\\jpfaj\\AppData\\Local\\Temp',
  USERDOMAIN: 'PANDORA',
  USERDOMAIN_ROAMINGPROFILE: 'PANDORA',
  USERNAME: 'jpfaj',
  USERPROFILE: 'C:\\Users\\jpfaj',
  VBOX_MSI_INSTALL_PATH: 'C:\\Program 
Files\\Oracle\\VirtualBox\\',
  VSCODE_GIT_ASKPASS_EXTRA_ARGS: '',
  VSCODE_GIT_ASKPASS_MAIN: 'c:\\Users\\jpfaj\\App
Data\\Local\\Programs\\Antigravity\\resources\\ap
p\\extensions\\git\\dist\\askpass-main.js',
  VSCODE_GIT_ASKPASS_NODE: 'C:\\Users\\jpfaj\\App
Data\\Local\\Programs\\Antigravity\\Antigravity.e
xe',
  VSCODE_GIT_IPC_HANDLE: 
'\\\\.\\pipe\\vscode-git-f958e6de73-sock',
  VSCODE_INJECTION: '1',
  VSCODE_PYTHON_AUTOACTIVATE_GUARD: '1',
  windir: 'C:\\WINDOWS',
  ZES_ENABLE_SYSMAN: '1'
}
2026-01-29T03:59:22.325Z vite:env loading env 
files: [
  'C:/Users/jpfaj/OneDrive/Desktop/astrox-templat
e/.env',
  'C:/Users/jpfaj/OneDrive/Desktop/astrox-templat
e/.env.local',
  'C:/Users/jpfaj/OneDrive/Desktop/astrox-templat
e/.env.production',
  'C:/Users/jpfaj/OneDrive/Desktop/astrox-templat
e/.env.production.local'
]
2026-01-29T03:59:22.326Z vite:env env files 
loaded in 0.38ms
2026-01-29T03:59:22.326Z vite:env using resolved 
env: {}
2026-01-29T03:59:22.336Z vite:config using 
resolved config: {
  configFile: undefined,
  mode: 'production',
  cacheDir: 'C:/Users/jpfaj/OneDrive/Desktop/astr
ox-template/node_modules/.vite',
  clearScreen: false,
  customLogger: {
    hasWarned: false,
    info: [Function: info],
    warn: [Function: warn],
    warnOnce: [Function: warnOnce],
    error: [Function: error],
    clearScreen: [Function: clearScreen],
    hasErrorLogged: [Function: hasErrorLogged]
  },
  appType: 'custom',
  optimizeDeps: {
    include: [
      '@astrojs/react/client.js',
      'react',
      'react-dom',
      'react/jsx-dev-runtime',
      'react/jsx-runtime',
      'astro > cssesc',
      'astro > aria-query',
      'astro > axobject-query'
    ],
    exclude: [ 'astro', 'node-fetch', 
'@astrojs/react/server.js' ],
    needsInterop: [],
    extensions: [],
    disabled: undefined,
    holdUntilCrawlEnd: true,
    force: false,
    noDiscovery: true,
    esbuildOptions: { preserveSymlinks: false, 
jsx: 'automatic' },
    entries: [
      'C:/Users/jpfaj/OneDrive/Desktop/astrox-tem
plate/src/**/*.{jsx,tsx,vue,svelte,html,astro}'
    ]
  },
  plugins: [
    'vite:optimized-deps',
    'vite:watch-package-data',
    'vite:pre-alias',
    'alias',
    'astro-manifest-plugin',
    'astro:build',
    'astro-env-plugin',
    'astro:markdown',
    'astro:head-metadata',
    'astro-content-virtual-mod-plugin',
    'astro:content-asset-propagation',
    'astro:assets:esm',
    'astro:vite-plugin-file-url',
    'astro:i18n',
    'astro:actions',
    'astro:container',
    'vite:react-babel',
    'vite:react-refresh',
    'vite:modulepreload-polyfill',
    'vite:resolve',
    'vite:html-inline-proxy',
    'vite:css',
    'vite:esbuild',
    'vite:json',
    'vite:wasm-helper',
    'vite:worker',
    'vite:asset',
    'astro:build:normal',
    'astro:scripts',
    'astro:adapter-config',
    'astro:html',
    'astro:postprocess',
    'astro:integration-container',
    'astro:content-imports',
    '@astro/plugin-middleware',
    'astro:assets',
    'astro:fonts:fallback',
    'astro:prefetch',
    'astro:transitions',
    'astro:dev-toolbar',
    '@astrojs/react:opts',
    'vite:wasm-fallback',
    'astro:vite-plugin-env',
    'vite:define',
    'vite:css-post',
    'vite:worker-import-meta-url',
    'vite:asset-import-meta-url',
    'vite:dynamic-import-vars',
    'vite:import-glob',
    'astro:tsconfig-alias',
    'astro:scripts:page-ssr',
    'astro:scanner',
    '@astrojs/vite-plugin-astro-ssr-manifest',
    'astro:server-islands',
    'astro:hmr-reload',
    'vite:client-inject',
    'vite:css-analysis',
    'vite:import-analysis'
  ],
  publicDir: 'C:/Users/jpfaj/OneDrive/Desktop/ast
rox-template/public',
  root: 'C:/Users/jpfaj/OneDrive/Desktop/astrox-t
emplate',
  envPrefix: 'PUBLIC_',
  define: {
    'import.meta.env.SITE': 'undefined',
    'import.meta.env.BASE_URL': '"/"',
    'import.meta.env.ASSETS_PREFIX': 'undefined',
    __ASTRO_INTERNAL_I18N_CONFIG__: '{"base":"/",
"format":"directory","trailingSlash":"ignore","is
Build":false}'
  },
  server: {
    port: 5173,
    strictPort: false,
    host: undefined,
    allowedHosts: [],
    https: undefined,
    open: false,
    proxy: undefined,
    cors: {
      origin: /^https?:\/\/(?:(?:[^:]+\.)?localho
st|127\.0\.0\.1|\[::1\])(?::\d+)?$/
    },
    headers: {},
    warmup: { clientFiles: [], ssrFiles: [] },
    middlewareMode: true,
    fs: {
      strict: true,
      deny: [ '.env', '.env.*', '*.{crt,pem}', 
'**/.git/**' ],
      allow: [ 'C:/Users/jpfaj/OneDrive/Desktop/a
strox-template' ]
    },
    preTransformRequests: true,
    perEnvironmentStartEndDuringDev: false,
    sourcemapIgnoreList: [Function: 
isInNodeModules$1],
    hmr: false,
    watch: { ignored: [ '**' ] },
    ws: false
  },
  resolve: {
    externalConditions: [ 'node' ],
    extensions: [
      '.mjs',  '.js',
      '.mts',  '.ts',
      '.jsx',  '.tsx',
      '.json'
    ],
    dedupe: [ 'astro', 'react', 'react-dom' ],
    noExternal: [],
    external: [],
    preserveSymlinks: false,
    alias: [
      { find: 'randombytes', replacement: 
'randombytes/browser' },
      {
        find: /^astro$/,
        replacement: 'C:\\Users\\jpfaj\\OneDrive\
\Desktop\\astrox-template\\node_modules\\astro\\d
ist\\types\\public\\index.js'
      },
      {
        find: 'astro:middleware',
        replacement: 
'astro/virtual-modules/middleware.js'
      },
      { find: 'astro:schema', replacement: 
'astro/zod' },
      { find: 'astro:components', replacement: 
'astro/components' },
      {
        find: /^\/?@vite\/env/,
        replacement: '/@fs/C:/Users/jpfaj/OneDriv
e/Desktop/astrox-template/node_modules/vite/dist/
client/env.mjs'
      },
      {
        find: /^\/?@vite\/client/,
        replacement: '/@fs/C:/Users/jpfaj/OneDriv
e/Desktop/astrox-template/node_modules/vite/dist/
client/client.mjs'
      }
    ],
    mainFields: [ 'browser', 'module', 
'jsnext:main', 'jsnext' ],
    conditions: [ 'module', 'browser', 
'development|production', 'astro' ],
    builtins: []
  },
  ssr: {
    target: 'node',
    optimizeDeps: {
      esbuildOptions: { preserveSymlinks: false 
},
      include: [],
      exclude: [],
      needsInterop: [],
      extensions: [],
      holdUntilCrawlEnd: true,
      force: false,
      noDiscovery: true
    },
    noExternal: [
      'astro',
      'astro/components',
      '@nanostores/preact',
      '@fontsource/*',
      '@astrojs/react',
      '@astrojs/tailwind',
      '@mui/material',
      '@mui/base',
      '@babel/runtime',
      'use-immer',
      '@material-tailwind/react'
    ],
    external: [],
    resolve: {
      conditions: [ 'module', 'node', 
'development|production', 'astro' ],
      externalConditions: [ 'node' ]
    }
  },
  build: {
    target: [ 'es2020', 'edge88', 'firefox78', 
'chrome87', 'safari14' ],
    polyfillModulePreload: true,
    modulePreload: { polyfill: true },
    outDir: 'dist',
    assetsDir: '_astro',
    assetsInlineLimit: 4096,
    sourcemap: false,
    terserOptions: {},
    rollupOptions: { onwarn: [Function: onwarn] 
},
    commonjsOptions: { include: [ /node_modules/ 
], extensions: [ '.js', '.cjs' ] },
    dynamicImportVarsOptions: { warnOnError: 
true, exclude: [ /node_modules/ ] },
    write: true,
    emptyOutDir: null,
    copyPublicDir: true,
    manifest: false,
    lib: false,
    ssrManifest: false,
    ssrEmitAssets: false,
    reportCompressedSize: true,
    chunkSizeWarningLimit: 500,
    watch: null,
    cssCodeSplit: true,
    minify: 'esbuild',
    ssr: false,
    emitAssets: false,
    createEnvironment: [Function: 
createEnvironment],
    cssTarget: [ 'es2020', 'edge88', 
'firefox78', 'chrome87', 'safari14' ],
    cssMinify: true
  },
  css: {
    transformer: 'postcss',
    preprocessorMaxWorkers: 0,
    devSourcemap: false,
    postcss: {
      plugins: [
        {
          postcssPlugin: 'tailwindcss',
          plugins: [ [AsyncFunction (anonymous)] 
]
        },
        {
          browsers: undefined,
          info: [Function: info],
          options: {},
          postcssPlugin: 'autoprefixer',
          prepare: [Function: prepare]
        }
      ]
    }
  },
  logLevel: 'silent',
  esbuild: { jsxDev: false, jsx: 'automatic', 
jsxImportSource: undefined },
  environments: {
    client: {
      define: {
        'import.meta.env.SITE': 'undefined',
        'import.meta.env.BASE_URL': '"/"',
        'import.meta.env.ASSETS_PREFIX': 
'undefined',
        __ASTRO_INTERNAL_I18N_CONFIG__: '{"base":
"/","format":"directory","trailingSlash":"ignore"
,"isBuild":false}'
      },
      resolve: {
        externalConditions: [ 'node' ],
        extensions: [
          '.mjs',  '.js',
          '.mts',  '.ts',
          '.jsx',  '.tsx',
          '.json'
        ],
        dedupe: [ 'astro', 'react', 'react-dom' 
],
        noExternal: [],
        external: [],
        preserveSymlinks: false,
        alias: [
          { find: 'randombytes', replacement: 
'randombytes/browser' },
          {
            find: /^astro$/,
            replacement: 'C:\\Users\\jpfaj\\OneDr
ive\\Desktop\\astrox-template\\node_modules\\astr
o\\dist\\types\\public\\index.js'
          },
          {
            find: 'astro:middleware',
            replacement: 
'astro/virtual-modules/middleware.js'
          },
          { find: 'astro:schema', replacement: 
'astro/zod' },
          { find: 'astro:components', 
replacement: 'astro/components' },
          {
            find: /^\/?@vite\/env/,
            replacement: '/@fs/C:/Users/jpfaj/One
Drive/Desktop/astrox-template/node_modules/vite/d
ist/client/env.mjs'
          },
          {
            find: /^\/?@vite\/client/,
            replacement: '/@fs/C:/Users/jpfaj/One
Drive/Desktop/astrox-template/node_modules/vite/d
ist/client/client.mjs'
          }
        ],
        mainFields: [ 'browser', 'module', 
'jsnext:main', 'jsnext' ],
        conditions: [ 'module', 'browser', 
'development|production', 'astro' ],
        builtins: []
      },
      keepProcessEnv: false,
      consumer: 'client',
      optimizeDeps: {
        include: [
          '@astrojs/react/client.js',
          'react',
          'react-dom',
          'react/jsx-dev-runtime',
          'react/jsx-runtime',
          'astro > cssesc',
          'astro > aria-query',
          'astro > axobject-query'
        ],
        exclude: [ 'astro', 'node-fetch', 
'@astrojs/react/server.js' ],
        needsInterop: [],
        extensions: [],
        disabled: undefined,
        holdUntilCrawlEnd: true,
        force: false,
        noDiscovery: true,
        esbuildOptions: { preserveSymlinks: 
false, jsx: 'automatic' },
        entries: [
          'C:/Users/jpfaj/OneDrive/Desktop/astrox
-template/src/**/*.{jsx,tsx,vue,svelte,html,astro
}'
        ]
      },
      dev: {
        warmup: [],
        sourcemap: { js: true },
        sourcemapIgnoreList: [Function: 
isInNodeModules$1],
        preTransformRequests: true,
        createEnvironment: [Function: 
defaultCreateClientDevEnvironment],
        recoverable: true,
        moduleRunnerTransform: false
      },
      build: {
        target: [ 'es2020', 'edge88', 
'firefox78', 'chrome87', 'safari14' ],
        polyfillModulePreload: true,
        modulePreload: { polyfill: true },
        outDir: 'dist',
        assetsDir: '_astro',
        assetsInlineLimit: 4096,
        sourcemap: false,
        terserOptions: {},
        rollupOptions: { onwarn: [Function: 
onwarn] },
        commonjsOptions: { include: [ 
/node_modules/ ], extensions: [ '.js', '.cjs' ] 
},
        dynamicImportVarsOptions: { warnOnError: 
true, exclude: [ /node_modules/ ] },
        write: true,
        emptyOutDir: null,
        copyPublicDir: true,
        manifest: false,
        lib: false,
        ssrManifest: false,
        ssrEmitAssets: false,
        reportCompressedSize: true,
        chunkSizeWarningLimit: 500,
        watch: null,
        cssCodeSplit: true,
        minify: 'esbuild',
        ssr: false,
        emitAssets: true,
        createEnvironment: [Function: 
createEnvironment],
        cssTarget: [ 'es2020', 'edge88', 
'firefox78', 'chrome87', 'safari14' ],
        cssMinify: true
      }
    },
    ssr: {
      define: {
        'import.meta.env.SITE': 'undefined',
        'import.meta.env.BASE_URL': '"/"',
        'import.meta.env.ASSETS_PREFIX': 
'undefined',
        __ASTRO_INTERNAL_I18N_CONFIG__: '{"base":
"/","format":"directory","trailingSlash":"ignore"
,"isBuild":false}'
      },
      resolve: {
        externalConditions: [ 'node' ],
        extensions: [
          '.mjs',  '.js',
          '.mts',  '.ts',
          '.jsx',  '.tsx',
          '.json'
        ],
        dedupe: [ 'astro', 'react', 'react-dom' 
],
        noExternal: [
          'astro',
          'astro/components',
          '@nanostores/preact',
          '@fontsource/*',
          '@astrojs/react',
          '@astrojs/tailwind',
          '@mui/material',
          '@mui/base',
          '@babel/runtime',
          'use-immer',
          '@material-tailwind/react'
        ],
        external: [],
        preserveSymlinks: false,
        alias: [
          { find: 'randombytes', replacement: 
'randombytes/browser' },
          {
            find: /^astro$/,
            replacement: 'C:\\Users\\jpfaj\\OneDr
ive\\Desktop\\astrox-template\\node_modules\\astr
o\\dist\\types\\public\\index.js'
          },
          {
            find: 'astro:middleware',
            replacement: 
'astro/virtual-modules/middleware.js'
          },
          { find: 'astro:schema', replacement: 
'astro/zod' },
          { find: 'astro:components', 
replacement: 'astro/components' },
          {
            find: /^\/?@vite\/env/,
            replacement: '/@fs/C:/Users/jpfaj/One
Drive/Desktop/astrox-template/node_modules/vite/d
ist/client/env.mjs'
          },
          {
            find: /^\/?@vite\/client/,
            replacement: '/@fs/C:/Users/jpfaj/One
Drive/Desktop/astrox-template/node_modules/vite/d
ist/client/client.mjs'
          }
        ],
        mainFields: [ 'module', 'jsnext:main', 
'jsnext' ],
        conditions: [ 'module', 'node', 
'development|production', 'astro' ],
        builtins: [
          '_http_agent',         '_http_client', 
       '_http_common',
          '_http_incoming',      
'_http_outgoing',      '_http_server',
          '_stream_duplex',      
'_stream_passthrough', '_stream_readable',
          '_stream_transform',   '_stream_wrap', 
       '_stream_writable',
          '_tls_common',         '_tls_wrap',    
       'assert',
          'assert/strict',       'async_hooks',  
       'buffer',
          'child_process',       'cluster',      
       'console',
          'constants',           'crypto',       
       'dgram',
          'diagnostics_channel', 'dns',          
       'dns/promises',
          'domain',              'events',       
       'fs',
          'fs/promises',         'http',         
       'http2',
          'https',               'inspector',    
       'inspector/promises',
          'module',              'net',          
       'os',
          'path',                'path/posix',   
       'path/win32',
          'perf_hooks',          'process',      
       'punycode',
          'querystring',         'readline',     
       'readline/promises',
          'repl',                'stream',       
       'stream/consumers',
          'stream/promises',     'stream/web',   
       'string_decoder',
          'sys',                 'timers',       
       'timers/promises',
          'tls',                 'trace_events', 
       'tty',
          'url',                 'util',         
       'util/types',
          'v8',                  'vm',           
       'wasi',
          'worker_threads',      'zlib',         
       /^node:/,
          /^npm:/,               /^bun:/
        ]
      },
      keepProcessEnv: true,
      consumer: 'server',
      optimizeDeps: {
        include: [],
        exclude: [],
        needsInterop: [],
        extensions: [],
        disabled: undefined,
        holdUntilCrawlEnd: true,
        force: false,
        noDiscovery: true,
        esbuildOptions: { preserveSymlinks: 
false }
      },
      dev: {
        warmup: [],
        sourcemap: { js: true },
        sourcemapIgnoreList: [Function: 
isInNodeModules$1],
        preTransformRequests: false,
        createEnvironment: [Function: 
defaultCreateDevEnvironment],
        recoverable: false,
        moduleRunnerTransform: true
      },
      build: {
        target: [ 'es2020', 'edge88', 
'firefox78', 'chrome87', 'safari14' ],
        polyfillModulePreload: true,
        modulePreload: { polyfill: true },
        outDir: 'dist',
        assetsDir: '_astro',
        assetsInlineLimit: 4096,
        sourcemap: false,
        terserOptions: {},
        rollupOptions: { onwarn: [Function: 
onwarn] },
        commonjsOptions: { include: [ 
/node_modules/ ], extensions: [ '.js', '.cjs' ] 
},
        dynamicImportVarsOptions: { warnOnError: 
true, exclude: [ /node_modules/ ] },
        write: true,
        emptyOutDir: null,
        copyPublicDir: true,
        manifest: false,
        lib: false,
        ssrManifest: false,
        ssrEmitAssets: false,
        reportCompressedSize: true,
        chunkSizeWarningLimit: 500,
        watch: null,
        cssCodeSplit: true,
        minify: false,
        ssr: true,
        emitAssets: false,
        createEnvironment: [Function: 
createEnvironment],
        cssTarget: [ 'es2020', 'edge88', 
'firefox78', 'chrome87', 'safari14' ],
        cssMinify: 'esbuild'
      }
    }
  },
  configFileDependencies: [],
  inlineConfig: {
    configFile: false,
    mode: 'production',
    cacheDir: 'C:\\Users\\jpfaj\\OneDrive\\Deskto
p\\astrox-template\\node_modules\\.vite\\',
    clearScreen: false,
    customLogger: {
      hasWarned: false,
      info: [Function: info],
      warn: [Function: warn],
      warnOnce: [Function: warnOnce],
      error: [Function: error],
      clearScreen: [Function: clearScreen],
      hasErrorLogged: [Function: hasErrorLogged]
    },
    appType: 'custom',
    optimizeDeps: {
      entries: [
        'C:/Users/jpfaj/OneDrive/Desktop/astrox-t
emplate/src/**/*.{jsx,tsx,vue,svelte,html,astro}'
      ],
      exclude: [ 'astro', 'node-fetch', 
'@astrojs/react/server.js' ],
      include: [ '@astrojs/react/client.js' ],
      noDiscovery: true
    },
    plugins: [
      {
        enforce: 'pre',
        name: 'astro-manifest-plugin',
        resolveId: [Function: resolveId],
        load: [Function: load]
      },
      {
        name: 'astro:tsconfig-alias',
        enforce: 'post',
        configResolved: [Function: 
configResolved],
        resolveId: [AsyncFunction: resolveId]
      },
      false,
      [
        {
          name: 'astro:build',
          enforce: 'pre',
          configEnvironment: [AsyncFunction: 
configEnvironment],
          configResolved: [Function: 
configResolved],
          configureServer: [Function: 
configureServer],
          buildStart: [Function: buildStart],
          load: [AsyncFunction: load],
          transform: [AsyncFunction: transform],
          handleHotUpdate: [AsyncFunction: 
handleHotUpdate]
        },
        {
          name: 'astro:build:normal',
          resolveId: [Function: resolveId]
        }
      ],
      {
        name: 'astro:scripts',
        config: [Function: config],
        resolveId: [AsyncFunction: resolveId],
        load: [AsyncFunction: load],
        buildStart: [Function: buildStart]
      },
      false,
      {
        name: 'astro:vite-plugin-env',
        config: [Function: config],
        configResolved: [Function: 
configResolved],
        transform: [Function: transform]
      },
      {
        name: 'astro-env-plugin',
        enforce: 'pre',
        config: [Function: config],
        buildStart: [Function: buildStart],
        resolveId: [Function: resolveId],
        load: [Function: load]
      },
      {
        name: 'astro:adapter-config',
        resolveId: [Function: resolveId],
        load: [Function: load]
      },
      {
        enforce: 'pre',
        name: 'astro:markdown',
        buildEnd: [Function: buildEnd],
        resolveId: [AsyncFunction: resolveId],
        load: [AsyncFunction: load]
      },
      {
        name: 'astro:html',
        options: [Function: options],
        transform: [AsyncFunction: transform]
      },
      {
        name: 'astro:postprocess',
        transform: [AsyncFunction: transform]
      },
      {
        name: 'astro:integration-container',
        configureServer: [AsyncFunction: 
configureServer],
        buildStart: [AsyncFunction: buildStart]
      },
      {
        name: 'astro:scripts:page-ssr',
        enforce: 'post',
        transform: [Function: transform]
      },
      {
        name: 'astro:head-metadata',
        enforce: 'pre',
        apply: 'serve',
        configureServer: [Function: 
configureServer],
        resolveId: [Function: resolveId],
        transform: [Function: transform]
      },
      {
        name: 'astro:scanner',
        enforce: 'post',
        transform: [AsyncFunction: transform],
        handleHotUpdate: [AsyncFunction: 
handleHotUpdate]
      },
      {
        name: 'astro-content-virtual-mod-plugin',
        enforce: 'pre',
        config: [Function: config],
        buildStart: [Function: buildStart],
        resolveId: [AsyncFunction: resolveId],
        load: [AsyncFunction: load],
        configureServer: [Function: 
configureServer]
      },
      [
        {
          name: 'astro:content-imports',
          config: [Function: config],
          buildStart: [AsyncFunction: 
buildStart],
          transform: [AsyncFunction: transform],
          configureServer: [Function: 
configureServer]
        }
      ],
      {
        name: 'astro:content-asset-propagation',
        enforce: 'pre',
        resolveId: [AsyncFunction: resolveId],
        configureServer: [Function: 
configureServer],
        transform: [AsyncFunction: transform]
      },
      {
        name: '@astro/plugin-middleware',
        resolveId: [AsyncFunction: resolveId],
        load: [AsyncFunction: load]
      },
      {
        name: 
'@astrojs/vite-plugin-astro-ssr-manifest',
        enforce: 'post',
        resolveId: [Function: resolveId],
        load: [Function: load]
      },
      [
        {
          name: 'astro:assets',
          config: [Function: config],
          resolveId: [AsyncFunction: resolveId],
          load: [Function: load],
          buildStart: [Function: buildStart],
          renderChunk: [AsyncFunction: 
renderChunk]
        },
        {
          name: 'astro:assets:esm',
          enforce: 'pre',
          config: [Function: config],
          configResolved: [Function: 
configResolved],
          load: [AsyncFunction: load]
        },
        {
          name: 'astro:fonts:fallback',
          resolveId: [Function: resolveId],
          load: [Function: load]
        }
      ],
      {
        name: 'astro:prefetch',
        resolveId: [AsyncFunction: resolveId],
        load: [Function: load],
        transform: [Function: transform]
      },
      {
        name: 'astro:transitions',
        config: [Function: config],
        resolveId: [AsyncFunction: resolveId],
        load: [Function: load],
        transform: [Function: transform]
      },
      {
        name: 'astro:dev-toolbar',
        config: [Function: config],
        resolveId: [Function: resolveId],
        configureServer: [Function: 
configureServer],
        load: [AsyncFunction: load]
      },
      {
        name: 'astro:vite-plugin-file-url',
        enforce: 'pre',
        resolveId: [Function: resolveId]
      },
      {
        name: 'astro:i18n',
        enforce: 'pre',
        config: [Function: config],
        resolveId: [Function: resolveId]
      },
      {
        name: 'astro:actions',
        enforce: 'pre',
        resolveId: [AsyncFunction: resolveId],
        configureServer: [AsyncFunction: 
configureServer],
        load: [AsyncFunction: load]
      },
      {
        name: 'astro:server-islands',
        enforce: 'post',
        config: [Function: config],
        configureServer: [Function: 
configureServer],
        resolveId: [Function: resolveId],
        load: [Function: load],
        transform: [Function: transform],
        renderChunk: [Function: renderChunk]
      },
      {
        name: 'astro:container',
        enforce: 'pre',
        resolveId: [Function: resolveId]
      },
      {
        name: 'astro:hmr-reload',
        enforce: 'post',
        hotUpdate: { order: 'post', handler: 
[Function: handler] }
      },
      {
        name: 'vite:react-babel',
        enforce: 'pre',
        config: [Function: config],
        configResolved: [Function: 
configResolved],
        options: [Function: options]
      },
      {
        name: 'vite:react-refresh',
        enforce: 'pre',
        config: [Function: config],
        resolveId: {
          filter: { id: /^\/@react\-refresh$/ },
          handler: [Function: handler]
        },
        load: {
          filter: { id: /^\/@react\-refresh$/ },
          handler: [Function: handler]
        },
        transformIndexHtml: [Function: 
transformIndexHtml]
      },
      {
        name: '@astrojs/react:opts',
        resolveId: [Function: resolveId],
        load: [Function: load]
      }
    ],
    publicDir: 'C:\\Users\\jpfaj\\OneDrive\\Deskt
op\\astrox-template\\public\\',
    root: 'C:\\Users\\jpfaj\\OneDrive\\Desktop\\a
strox-template\\',
    envPrefix: 'PUBLIC_',
    define: {
      'import.meta.env.SITE': 'undefined',
      'import.meta.env.BASE_URL': '"/"',
      'import.meta.env.ASSETS_PREFIX': 
'undefined'
    },
    server: {
      hmr: false,
      watch: { ignored: [ '**' ] },
      middlewareMode: true,
      ws: false
    },
    resolve: {
      alias: [
        { find: 'randombytes', replacement: 
'randombytes/browser' },
        {
          find: /^astro$/,
          replacement: 'C:\\Users\\jpfaj\\OneDriv
e\\Desktop\\astrox-template\\node_modules\\astro\
\dist\\types\\public\\index.js'
        },
        {
          find: 'astro:middleware',
          replacement: 
'astro/virtual-modules/middleware.js'
        },
        { find: 'astro:schema', replacement: 
'astro/zod' },
        { find: 'astro:components', replacement: 
'astro/components' }
      ],
      dedupe: [ 'astro' ]
    },
    ssr: {
      noExternal: [
        'astro',
        'astro/components',
        '@nanostores/preact',
        '@fontsource/*',
        '@astrojs/react',
        '@astrojs/tailwind',
        '@mui/material',
        '@mui/base',
        '@babel/runtime',
        'use-immer',
        '@material-tailwind/react'
      ],
      external: []
    },
    build: { assetsDir: '_astro' },
    css: {
      postcss: {
        plugins: [
          {
            postcssPlugin: 'tailwindcss',
            plugins: [ [AsyncFunction 
(anonymous)] ]
          },
          {
            browsers: undefined,
            info: [Function: info],
            options: {},
            postcssPlugin: 'autoprefixer',
            prepare: [Function: prepare]
          }
        ]
      }
    },
    logLevel: 'silent'
  },
  base: '/',
  decodedBase: '/',
  rawBase: '/',
  command: 'serve',
  isWorker: false,
  mainConfig: null,
  bundleChain: [],
  isProduction: true,
  json: { namedExports: true, stringify: 'auto' 
},
  builder: undefined,
  preview: {
    port: 4173,
    strictPort: false,
    host: undefined,
    allowedHosts: [],
    https: undefined,
    open: false,
    proxy: undefined,
    cors: {
      origin: /^https?:\/\/(?:(?:[^:]+\.)?localho
st|127\.0\.0\.1|\[::1\])(?::\d+)?$/
    },
    headers: {}
  },
  envDir: 'C:/Users/jpfaj/OneDrive/Desktop/astrox
-template',
  env: { BASE_URL: '/', MODE: 'production', DEV: 
false, PROD: true },
  assetsInclude: [Function: assetsInclude],
  logger: {
    hasWarned: false,
    info: [Function: info],
    warn: [Function: warn],
    warnOnce: [Function: warnOnce],
    error: [Function: error],
    clearScreen: [Function: clearScreen],
    hasErrorLogged: [Function: hasErrorLogged]
  },
  packageCache: Map(1) {
    'fnpd_C:/Users/jpfaj/OneDrive/Desktop/astrox-
template' => {
      dir: 'C:/Users/jpfaj/OneDrive/Desktop/astro
x-template',
      data: {
        name: 'astrox',
        type: 'module',
        version: '0.0.2',
        scripts: {
          'dev:frontend': 'astro dev',
          'dev:backend': 'cargo watch -x run',
          start: 'cargo run --release',
          build: 'astro check && astro build && 
cargo build --release',
          format: "prettier --write '**/*.{astro,
html,js,jsx,md,mdx,svelte,ts,tsx,vue}' && cargo 
fmt",
          lint: "eslint 
'src/**/*.{js,jsx,ts,tsx,astro}' && cargo 
clippy",
          launch: 'npm run build && npm start',
          astro: 'astro'
        },
        devDependencies: {
          '@astrojs/check': '^0.9.4',
          '@astrojs/tailwind': '^5.1.5',
          '@typescript-eslint/eslint-plugin': 
'^7.18.0',
          '@typescript-eslint/parser': '^7.18.0',
          astro: '^5.5.5',
          eslint: '^8.57.1',
          'eslint-plugin-astro': '^0.34.0',
          'eslint-plugin-only-warn': '^1.1.0',
          'eslint-plugin-react': '^7.37.4',
          'prettier-plugin-astro': '^0.13.0',
          'prettier-plugin-tailwindcss': 
'^0.5.14',
          tailwindcss: '^3.4.17',
          typescript: '^5.8.2'
        },
        dependencies: {
          '@astrojs/react': '^4.2.2',
          '@radix-ui/react-checkbox': '^1.3.3',
          '@radix-ui/react-dialog': '^1.1.15',
          '@radix-ui/react-label': '^2.1.8',
          '@radix-ui/react-progress': '^1.1.8',
          '@radix-ui/react-radio-group': 
'^1.3.8',
          '@radix-ui/react-select': '^2.2.6',
          '@radix-ui/react-slot': '^1.2.4',
          '@radix-ui/react-toast': '^1.2.15',
          '@types/react': '^19.0.12',
          '@types/react-dom': '^19.0.4',
          'class-variance-authority': '^0.7.1',
          clsx: '^2.1.1',
          'framer-motion': '^12.29.2',
          'lucide-react': '^0.563.0',
          react: '^19.1.0',
          'react-dom': '^19.1.0',
          'tailwind-merge': '^3.4.0',
          'tailwindcss-animate': '^1.0.7',
          zustand: '^5.0.10'
        }
      },
      hasSideEffects: [Function: hasSideEffects],
      setResolvedCache: [Function: 
setResolvedCache],
      getResolvedCache: [Function: 
getResolvedCache]
    },
    set: [Function (anonymous)]
  },
  worker: { format: 'iife', plugins: '() => 
plugins', rollupOptions: {} },
  experimental: { importGlobRestoreExtension: 
false, hmrPartialAccept: false },
  future: undefined,
  dev: {
    warmup: [],
    sourcemap: { js: true },
    sourcemapIgnoreList: [Function: 
isInNodeModules$1],
    preTransformRequests: false,
    createEnvironment: [Function: 
defaultCreateDevEnvironment],
    recoverable: false,
    moduleRunnerTransform: false
  },
  webSocketToken: 'Cx7osAMv1zYg',
  getSortedPlugins: [Function: getSortedPlugins],
  getSortedPluginHooks: [Function: 
getSortedPluginHooks],
  createResolver: [Function (anonymous)],
  fsDenyGlob: [Function: arrayMatcher],
  safeModulePaths: Set(0) {},
  additionalAllowedHosts: [],
  Symbol(vite:resolved-config): true
}
2026-01-29T03:59:22.420Z vite:deps (client) Hash 
is consistent. Skipping. Use --force to override.
[2m19:59:22[22m [34m[content][39m Syncing content
[2m19:59:22[22m [34m[content][39m Synced content
[2m19:59:22[22m [34m[types][39m Generated [2m135ms[22m
[2m19:59:22[22m [34m[check][39m Getting diagnostics for Astro files in C:\Users\jpfaj\OneDrive\Desktop\astrox-template...
[96msrc/components/LoginForm.tsx[0m:[93m18[0m:[93m42[0m - [93mwarning[0m[90m ts(6385): [0m'FormEvent' is deprecated.

[7m18[0m     const handleSubmit = async (e: React.FormEvent) => {
[7m  [0m [93m                                         ~~~~~~~~~[0m

[96msrc/components/SurveyHub.tsx[0m:[93m134[0m:[93m26[0m - [91merror[0m[90m ts(2375): [0mType '{ title: string; description: string; progress: number; icon: string; href: string; className: string | undefined; tags: string[]; }' is not assignable to type 'HubTileProps' with 'exactOptionalPropertyTypes: true'. Consider adding 'undefined' to the types of the target's properties.
  Types of property 'className' are incompatible.
    Type 'string | undefined' is not assignable to type 'string'.
      Type 'undefined' is not assignable to type 'string'.

[7m134[0m                         <HubTile
[7m   [0m [91m                         ~~~~~~~[0m

[96msrc/components/ui/checkbox.tsx[0m:[93m8[0m:[93m9[0m - [93mwarning[0m[90m ts(6385): [0m'ElementRef' is deprecated.

[7m8[0m   React.ElementRef<typeof CheckboxPrimitive.Root>,
[7m [0m [93m        ~~~~~~~~~~[0m

[96msrc/components/ui/dialog.tsx[0m:[93m98[0m:[93m9[0m - [93mwarning[0m[90m ts(6385): [0m'ElementRef' is deprecated.

[7m98[0m   React.ElementRef<typeof DialogPrimitive.Description>,
[7m  [0m [93m        ~~~~~~~~~~[0m
[96msrc/components/ui/dialog.tsx[0m:[93m83[0m:[93m9[0m - [93mwarning[0m[90m ts(6385): [0m'ElementRef' is deprecated.

[7m83[0m   React.ElementRef<typeof DialogPrimitive.Title>,
[7m  [0m [93m        ~~~~~~~~~~[0m
[96msrc/components/ui/dialog.tsx[0m:[93m31[0m:[93m9[0m - [93mwarning[0m[90m ts(6385): [0m'ElementRef' is deprecated.

[7m31[0m   React.ElementRef<typeof DialogPrimitive.Content>,
[7m  [0m [93m        ~~~~~~~~~~[0m
[96msrc/components/ui/dialog.tsx[0m:[93m16[0m:[93m9[0m - [93mwarning[0m[90m ts(6385): [0m'ElementRef' is deprecated.

[7m16[0m   React.ElementRef<typeof DialogPrimitive.Overlay>,
[7m  [0m [93m        ~~~~~~~~~~[0m

[96msrc/components/ui/label.tsx[0m:[93m12[0m:[93m9[0m - [93mwarning[0m[90m ts(6385): [0m'ElementRef' is deprecated.

[7m12[0m   React.ElementRef<typeof LabelPrimitive.Root>,
[7m  [0m [93m        ~~~~~~~~~~[0m

[96msrc/components/ui/progress.tsx[0m:[93m7[0m:[93m9[0m - [93mwarning[0m[90m ts(6385): [0m'ElementRef' is deprecated.

[7m7[0m   React.ElementRef<typeof ProgressPrimitive.Root>,
[7m [0m [93m        ~~~~~~~~~~[0m

[96msrc/components/ui/radio-group.tsx[0m:[93m22[0m:[93m9[0m - [93mwarning[0m[90m ts(6385): [0m'ElementRef' is deprecated.

[7m22[0m   React.ElementRef<typeof RadioGroupPrimitive.Item>,
[7m  [0m [93m        ~~~~~~~~~~[0m
[96msrc/components/ui/radio-group.tsx[0m:[93m8[0m:[93m9[0m - [93mwarning[0m[90m ts(6385): [0m'ElementRef' is deprecated.

[7m8[0m   React.ElementRef<typeof RadioGroupPrimitive.Root>,
[7m [0m [93m        ~~~~~~~~~~[0m

[96msrc/components/ui/select.tsx[0m:[93m137[0m:[93m9[0m - [93mwarning[0m[90m ts(6385): [0m'ElementRef' is deprecated.

[7m137[0m   React.ElementRef<typeof SelectPrimitive.Separator>,
[7m   [0m [93m        ~~~~~~~~~~[0m
[96msrc/components/ui/select.tsx[0m:[93m115[0m:[93m9[0m - [93mwarning[0m[90m ts(6385): [0m'ElementRef' is deprecated.

[7m115[0m   React.ElementRef<typeof SelectPrimitive.Item>,
[7m   [0m [93m        ~~~~~~~~~~[0m
[96msrc/components/ui/select.tsx[0m:[93m103[0m:[93m9[0m - [93mwarning[0m[90m ts(6385): [0m'ElementRef' is deprecated.

[7m103[0m   React.ElementRef<typeof SelectPrimitive.Label>,
[7m   [0m [93m        ~~~~~~~~~~[0m
[96msrc/components/ui/select.tsx[0m:[93m71[0m:[93m9[0m - [93mwarning[0m[90m ts(6385): [0m'ElementRef' is deprecated.

[7m71[0m   React.ElementRef<typeof SelectPrimitive.Content>,
[7m  [0m [93m        ~~~~~~~~~~[0m
[96msrc/components/ui/select.tsx[0m:[93m53[0m:[93m9[0m - [93mwarning[0m[90m ts(6385): [0m'ElementRef' is deprecated.

[7m53[0m   React.ElementRef<typeof SelectPrimitive.ScrollDownButton>,
[7m  [0m [93m        ~~~~~~~~~~[0m
[96msrc/components/ui/select.tsx[0m:[93m36[0m:[93m9[0m - [93mwarning[0m[90m ts(6385): [0m'ElementRef' is deprecated.

[7m36[0m   React.ElementRef<typeof SelectPrimitive.ScrollUpButton>,
[7m  [0m [93m        ~~~~~~~~~~[0m
[96msrc/components/ui/select.tsx[0m:[93m16[0m:[93m9[0m - [93mwarning[0m[90m ts(6385): [0m'ElementRef' is deprecated.

[7m16[0m   React.ElementRef<typeof SelectPrimitive.Trigger>,
[7m  [0m [93m        ~~~~~~~~~~[0m

[96msrc/components/ui/toast.tsx[0m:[93m104[0m:[93m9[0m - [93mwarning[0m[90m ts(6385): [0m'ElementRef' is deprecated.

[7m104[0m   React.ElementRef<typeof ToastPrimitives.Description>,
[7m   [0m [93m        ~~~~~~~~~~[0m
[96msrc/components/ui/toast.tsx[0m:[93m92[0m:[93m9[0m - [93mwarning[0m[90m ts(6385): [0m'ElementRef' is deprecated.

[7m92[0m   React.ElementRef<typeof ToastPrimitives.Title>,
[7m  [0m [93m        ~~~~~~~~~~[0m
[96msrc/components/ui/toast.tsx[0m:[93m74[0m:[93m9[0m - [93mwarning[0m[90m ts(6385): [0m'ElementRef' is deprecated.

[7m74[0m   React.ElementRef<typeof ToastPrimitives.Close>,
[7m  [0m [93m        ~~~~~~~~~~[0m
[96msrc/components/ui/toast.tsx[0m:[93m59[0m:[93m9[0m - [93mwarning[0m[90m ts(6385): [0m'ElementRef' is deprecated.

[7m59[0m   React.ElementRef<typeof ToastPrimitives.Action>,
[7m  [0m [93m        ~~~~~~~~~~[0m
[96msrc/components/ui/toast.tsx[0m:[93m44[0m:[93m9[0m - [93mwarning[0m[90m ts(6385): [0m'ElementRef' is deprecated.

[7m44[0m   React.ElementRef<typeof ToastPrimitives.Root>,
[7m  [0m [93m        ~~~~~~~~~~[0m
[96msrc/components/ui/toast.tsx[0m:[93m13[0m:[93m9[0m - [93mwarning[0m[90m ts(6385): [0m'ElementRef' is deprecated.

[7m13[0m   React.ElementRef<typeof ToastPrimitives.Viewport>,
[7m  [0m [93m        ~~~~~~~~~~[0m

Result (39 files): 
- 1 error
- 0 warnings
- 23 hints

