[2m19:55:00[22m [34m[content][39m Syncing content
[2m19:55:00[22m [34m[content][39m Synced content
[2m19:55:00[22m [34m[types][39m Generated [2m89ms[22m
[2m19:55:00[22m [34m[check][39m Getting diagnostics for Astro files in C:\Users\jpfaj\OneDrive\Desktop\astrox-template...
[96msrc/components/LoginForm.tsx[0m:[93m18[0m:[93m42[0m - [93mwarning[0m[90m ts(6385): [0m'FormEvent' is deprecated.

[7m18[0m     const handleSubmit = async (e: React.FormEvent) => {
[7m  [0m [93m                                         ~~~~~~~~~[0m

[96msrc/components/SurveyEngine.tsx[0m:[93m120[0m:[93m34[0m - [91merror[0m[90m ts(2375): [0mType '{ children: Element[]; value: string | undefined; onValueChange: (val: string) => void; className: string; }' is not assignable to type 'Omit<RadioGroupProps & RefAttributes<HTMLDivElement>, "ref">' with 'exactOptionalPropertyTypes: true'. Consider adding 'undefined' to the types of the target's properties.
  Types of property 'value' are incompatible.
    Type 'string | undefined' is not assignable to type 'string | null'.
      Type 'undefined' is not assignable to type 'string | null'.

[7m120[0m                                 <RadioGroup
[7m   [0m [91m                                 ~~~~~~~~~~[0m

[96msrc/components/SurveyHub.tsx[0m:[93m42[0m:[93m10[0m - [91merror[0m[90m ts(6133): [0m'HubTile' is declared but its value is never read.

[7m42[0m function HubTile({ title, description, progress, icon, href, className, tags }: HubTileProps) {
[7m  [0m [91m         ~~~~~~~[0m
[96msrc/components/SurveyHub.tsx[0m:[93m142[0m:[93m26[0m - [91merror[0m[90m ts(1382): [0mUnexpected token. Did you mean `{'>'}` or `&gt;`?

[7m142[0m                         />
[7m   [0m [91m                         ~[0m
[96msrc/components/SurveyHub.tsx[0m:[93m135[0m:[93m34[0m - [91merror[0m[90m ts(1003): [0mIdentifier expected.

[7m135[0m                             title={section.title}
[7m   [0m [91m                                 ~[0m

[96msrc/components/ui/checkbox.tsx[0m:[93m8[0m:[93m9[0m - [93mwarning[0m[90m ts(6385): [0m'ElementRef' is deprecated.

[7m8[0m   React.ElementRef<typeof CheckboxPrimitive.Root>,
[7m [0m [93m        ~~~~~~~~~~[0m

[96msrc/components/ui/dialog.tsx[0m:[93m98[0m:[93m9[0m - [93mwarning[0m[90m ts(6385): [0m'ElementRef' is deprecated.

[7m98[0m   React.ElementRef<typeof DialogPrimitive.Description>,
[7m  [0m [93m        ~~~~~~~~~~[0m
[96msrc/components/ui/dialog.tsx[0m:[93m83[0m:[93m9[0m - [93mwarning[0m[90m ts(6385): [0m'ElementRef' is deprecated.

[7m83[0m   React.ElementRef<typeof DialogPrimitive.Title>,
[7m  [0m [93m        ~~~~~~~~~~[0m
[96msrc/components/ui/dialog.tsx[0m:[93m31[0m:[93m9[0m - [93mwarning[0m[90m ts(6385): [0m'ElementRef' is deprecated.

[7m31[0m   React.ElementRef<typeof DialogPrimitive.Content>,
[7m  [0m [93m        ~~~~~~~~~~[0m
[96msrc/components/ui/dialog.tsx[0m:[93m16[0m:[93m9[0m - [93mwarning[0m[90m ts(6385): [0m'ElementRef' is deprecated.

[7m16[0m   React.ElementRef<typeof DialogPrimitive.Overlay>,
[7m  [0m [93m        ~~~~~~~~~~[0m

[96msrc/components/ui/label.tsx[0m:[93m12[0m:[93m9[0m - [93mwarning[0m[90m ts(6385): [0m'ElementRef' is deprecated.

[7m12[0m   React.ElementRef<typeof LabelPrimitive.Root>,
[7m  [0m [93m        ~~~~~~~~~~[0m

[96msrc/components/ui/progress.tsx[0m:[93m7[0m:[93m9[0m - [93mwarning[0m[90m ts(6385): [0m'ElementRef' is deprecated.

[7m7[0m   React.ElementRef<typeof ProgressPrimitive.Root>,
[7m [0m [93m        ~~~~~~~~~~[0m

[96msrc/components/ui/radio-group.tsx[0m:[93m22[0m:[93m9[0m - [93mwarning[0m[90m ts(6385): [0m'ElementRef' is deprecated.

[7m22[0m   React.ElementRef<typeof RadioGroupPrimitive.Item>,
[7m  [0m [93m        ~~~~~~~~~~[0m
[96msrc/components/ui/radio-group.tsx[0m:[93m8[0m:[93m9[0m - [93mwarning[0m[90m ts(6385): [0m'ElementRef' is deprecated.

[7m8[0m   React.ElementRef<typeof RadioGroupPrimitive.Root>,
[7m [0m [93m        ~~~~~~~~~~[0m

[96msrc/components/ui/select.tsx[0m:[93m137[0m:[93m9[0m - [93mwarning[0m[90m ts(6385): [0m'ElementRef' is deprecated.

[7m137[0m   React.ElementRef<typeof SelectPrimitive.Separator>,
[7m   [0m [93m        ~~~~~~~~~~[0m
[96msrc/components/ui/select.tsx[0m:[93m115[0m:[93m9[0m - [93mwarning[0m[90m ts(6385): [0m'ElementRef' is deprecated.

[7m115[0m   React.ElementRef<typeof SelectPrimitive.Item>,
[7m   [0m [93m        ~~~~~~~~~~[0m
[96msrc/components/ui/select.tsx[0m:[93m103[0m:[93m9[0m - [93mwarning[0m[90m ts(6385): [0m'ElementRef' is deprecated.

[7m103[0m   React.ElementRef<typeof SelectPrimitive.Label>,
[7m   [0m [93m        ~~~~~~~~~~[0m
[96msrc/components/ui/select.tsx[0m:[93m71[0m:[93m9[0m - [93mwarning[0m[90m ts(6385): [0m'ElementRef' is deprecated.

[7m71[0m   React.ElementRef<typeof SelectPrimitive.Content>,
[7m  [0m [93m        ~~~~~~~~~~[0m
[96msrc/components/ui/select.tsx[0m:[93m53[0m:[93m9[0m - [93mwarning[0m[90m ts(6385): [0m'ElementRef' is deprecated.

[7m53[0m   React.ElementRef<typeof SelectPrimitive.ScrollDownButton>,
[7m  [0m [93m        ~~~~~~~~~~[0m
[96msrc/components/ui/select.tsx[0m:[93m36[0m:[93m9[0m - [93mwarning[0m[90m ts(6385): [0m'ElementRef' is deprecated.

[7m36[0m   React.ElementRef<typeof SelectPrimitive.ScrollUpButton>,
[7m  [0m [93m        ~~~~~~~~~~[0m
[96msrc/components/ui/select.tsx[0m:[93m16[0m:[93m9[0m - [93mwarning[0m[90m ts(6385): [0m'ElementRef' is deprecated.

[7m16[0m   React.ElementRef<typeof SelectPrimitive.Trigger>,
[7m  [0m [93m        ~~~~~~~~~~[0m

[96msrc/components/ui/toast.tsx[0m:[93m104[0m:[93m9[0m - [93mwarning[0m[90m ts(6385): [0m'ElementRef' is deprecated.

[7m104[0m   React.ElementRef<typeof ToastPrimitives.Description>,
[7m   [0m [93m        ~~~~~~~~~~[0m
[96msrc/components/ui/toast.tsx[0m:[93m92[0m:[93m9[0m - [93mwarning[0m[90m ts(6385): [0m'ElementRef' is deprecated.

[7m92[0m   React.ElementRef<typeof ToastPrimitives.Title>,
[7m  [0m [93m        ~~~~~~~~~~[0m
[96msrc/components/ui/toast.tsx[0m:[93m74[0m:[93m9[0m - [93mwarning[0m[90m ts(6385): [0m'ElementRef' is deprecated.

[7m74[0m   React.ElementRef<typeof ToastPrimitives.Close>,
[7m  [0m [93m        ~~~~~~~~~~[0m
[96msrc/components/ui/toast.tsx[0m:[93m59[0m:[93m9[0m - [93mwarning[0m[90m ts(6385): [0m'ElementRef' is deprecated.

[7m59[0m   React.ElementRef<typeof ToastPrimitives.Action>,
[7m  [0m [93m        ~~~~~~~~~~[0m
[96msrc/components/ui/toast.tsx[0m:[93m44[0m:[93m9[0m - [93mwarning[0m[90m ts(6385): [0m'ElementRef' is deprecated.

[7m44[0m   React.ElementRef<typeof ToastPrimitives.Root>,
[7m  [0m [93m        ~~~~~~~~~~[0m
[96msrc/components/ui/toast.tsx[0m:[93m13[0m:[93m9[0m - [93mwarning[0m[90m ts(6385): [0m'ElementRef' is deprecated.

[7m13[0m   React.ElementRef<typeof ToastPrimitives.Viewport>,
[7m  [0m [93m        ~~~~~~~~~~[0m

Result (39 files): 
- 4 errors
- 0 warnings
- 23 hints

